name:5 Dexterity Vest,sell_in:9,quality:19
name:Aged Brie,sell_in:1,quality:50
name:Aged Brie,sell_in:-1,quality:50
name:Aged Brie,sell_in:-2,quality:7
name:Backstage passes to a TAFKAL80ETC concert,sell_in:4,quality:23
name:Backstage passes to a TAFKAL80ETC concert,sell_in:4,quality:50
name:Backstage passes to a TAFKAL80ETC concert,sell_in:9,quality:22
name:Backstage passes to a TAFKAL80ETC concert,sell_in:9,quality:50
name:Backstage passes to a TAFKAL80ETC concert,sell_in:10,quality:21
name:Backstage passes to a TAFKAL80ETC concert,sell_in:-1,quality:0
name:Sulfuras, Hand of Ragnaros,sell_in:0,quality:1
name:Sulfuras, Hand of Ragnaros,sell_in:-1,quality:1
name:Elixir of the Mongoose,sell_in:-1,quality:0
name:Elixir of the Mongoose,sell_in:-1,quality:5
